// Jest Snapshot v1, https://goo.gl/fbAQLP

exports[`renders correctly 1`] = `
<form
  className="query"
  onSubmit={[Function]}
>
  <label>
    Enter your search term:
  </label>
  <br />
  <input
    onChange={[Function]}
    type="text"
    value=""
  />
  <input
    className="submit-button"
    type="submit"
    value="Submit"
  />
</form>
`;
